2026-08-30T02:20:23.358392+00:00 WARNING 'ansible_navigator.image_manager.puller._log_message' Image inspection failed, image assumed to be corrupted or missing
2026-08-30T02:20:23.359185+00:00 WARNING 'ansible_navigator.image_manager.puller._log_message' stdout: []

2026-08-30T02:20:23.359235+00:00 WARNING 'ansible_navigator.image_manager.puller._log_message' stderr: Error: ghcr.io/ansible/creator-ee:v0.22.0: image not known

2026-08-30T03:10:40.032260+00:00 WARNING 'ansible_navigator.run' Dirty exit, killing the pid
2026-08-30T03:10:43.465314+00:00 WARNING 'ansible_navigator.image_manager.puller._log_message' Image inspection failed, image assumed to be corrupted or missing
2026-08-30T03:10:43.466391+00:00 WARNING 'ansible_navigator.image_manager.puller._log_message' stdout: []

2026-08-30T03:10:43.466522+00:00 WARNING 'ansible_navigator.image_manager.puller._log_message' stderr: Error: registry.redhat.io/ansible-automation-platform-25/ansible-dev-tools-rhel9:latest: image not known

2026-08-30T03:10:45.638678+00:00 ERROR 'ansible_navigator.image_manager.puller._log_message' Execution environment pull failed
2026-08-30T03:11:39.799325+00:00 WARNING 'ansible_navigator.image_manager.puller._log_message' Image inspection failed, image assumed to be corrupted or missing
2026-08-30T03:11:39.800308+00:00 WARNING 'ansible_navigator.image_manager.puller._log_message' stdout: []

2026-08-30T03:11:39.800352+00:00 WARNING 'ansible_navigator.image_manager.puller._log_message' stderr: Error: registry.redhat.io/ansible-automation-platform-25/ansible-dev-tools-rhel9:latest: image not known

2026-08-30T03:11:41.159620+00:00 ERROR 'ansible_navigator.image_manager.puller._log_message' Execution environment pull failed
2026-08-30T03:14:44.347433+00:00 WARNING 'ansible_navigator.image_manager.puller._log_message' Image inspection failed, image assumed to be corrupted or missing
2026-08-30T03:14:44.347926+00:00 WARNING 'ansible_navigator.image_manager.puller._log_message' stdout: []

2026-08-30T03:14:44.347963+00:00 WARNING 'ansible_navigator.image_manager.puller._log_message' stderr: Error: registry.redhat.io/ansible-automation-platform-25/ansible-dev-tools-rhel9:latest: image not known

2026-08-30T03:14:46.471470+00:00 ERROR 'ansible_navigator.image_manager.puller._log_message' Execution environment pull failed
2026-08-30T03:18:17.600613+00:00 WARNING 'ansible_navigator.image_manager.puller._log_message' Image inspection failed, image assumed to be corrupted or missing
2026-08-30T03:18:17.601164+00:00 WARNING 'ansible_navigator.image_manager.puller._log_message' stdout: []

2026-08-30T03:18:17.601212+00:00 WARNING 'ansible_navigator.image_manager.puller._log_message' stderr: Error: registry.redhat.io/ansible-automation-platform-25/ansible-dev-tools-rhel9:latest: image not known

2026-08-30T03:18:18.790984+00:00 ERROR 'ansible_navigator.image_manager.puller._log_message' Execution environment pull failed
2026-08-30T03:19:22.382807+00:00 WARNING 'ansible_navigator.image_manager.puller._log_message' Image inspection failed, image assumed to be corrupted or missing
2026-08-30T03:19:22.383421+00:00 WARNING 'ansible_navigator.image_manager.puller._log_message' stdout: []

2026-08-30T03:19:22.383467+00:00 WARNING 'ansible_navigator.image_manager.puller._log_message' stderr: Error: utility.lab.example.com:5000/ansible-automation-platform-25/ee-supported-rhel8:latest: image not known

2026-08-30T03:19:22.558337+00:00 ERROR 'ansible_navigator.image_manager.puller._log_message' Execution environment pull failed
2026-08-30T03:19:42.385119+00:00 WARNING 'ansible_navigator.image_manager.puller._log_message' Image inspection failed, image assumed to be corrupted or missing
2026-08-30T03:19:42.386208+00:00 WARNING 'ansible_navigator.image_manager.puller._log_message' stdout: []

2026-08-30T03:19:42.386303+00:00 WARNING 'ansible_navigator.image_manager.puller._log_message' stderr: Error: registry.redhat.io/ansible-automation-platform-25/ansible-dev-tools-rhel8:latest: image not known

